
> alyssa-lead-capture-os@0.1.0 build:storybook
> storybook build --quiet


[90m┌[39m  Building storybook v10.5.10
[90m│[39m
[32m◇[39m  Cleaning outputDir: [36mstorybook-static[39m
[90m│[39m
[32m◇[39m  Loading presets
[90m│[39m
[33m▲[39m  No story files found for the specified pattern: [34msrc/**/*.mdx[39m
[90m│[39m
[32m◇[39m  Building manager..
[90m│[39m
[34m●[39m  Building open services..
[90m│[39m
[34m●[39m  Building preview..
[90m│[39m
[34m●[39m  Copying static files: [36mpublic[39m at [36mstorybook-static[39m
[90m│[39m  [43mVite[49m [36mvite v8.2.2 [32mbuilding client environment for production...[36m[39m
transforming...
✓ 2878 modules transformed.
rendering chunks...
computing gzip size...
[90m│[39m  [43mVite[49m storybook-static/iframe.html
[90m│[39m  19.44 kB │ gzip:   5.41 kB
[90m│[39m  storybook-static/assets/DashboardLoadingSpecimen-C0N5FiGj.css
[90m│[39m  3.85 kB │ gzip:   0.87 kB
[90m│[39m  storybook-static/assets/iframe-BVuHioCq.css
[90m│[39m  227.74 kB │ gzip:  39.32 kB
[90m│[39m  storybook-static/assets/iframe-D5qTNjDd.js
[90m│[39m  0.04 kB │ gzip:   0.06 kB
[90m│[39m  storybook-static/assets/chunk-242VQQM5-Mgu9ZWtn.js
[90m│[39m  0.24 kB │ gzip:   0.20 kB
[90m│[39m  storybook-static/assets/loader-circle-3-lRn7gS.js
[90m│[39m  0.26 kB │ gzip:   0.23 kB
[90m│[39m  storybook-static/assets/x-D37TX9Cz.js
[90m│[39m  0.27 kB │ gzip:   0.22 kB
[90m│[39m  storybook-static/assets/formatter-L2YTDE3Q-B3ciSpyP.js
[90m│[39m  0.30 kB │ gzip:   0.24 kB
[90m│[39m  storybook-static/assets/chunk-QQBDHPVZ-C-IzcanZ.js
[90m│[39m  0.32 kB │ gzip:   0.20 kB
[90m│[39m  storybook-static/assets/triangle-alert-cwy6TuFn.js
[90m│[39m  0.38 kB │ gzip:   0.28 kB
[90m│[39m  storybook-static/assets/skeleton-BLsr1Frz.js
[90m│[39m  0.42 kB │ gzip:   0.30 kB
[90m│[39m  storybook-static/assets/trash-2-sqzchVeT.js
[90m│[39m  0.44 kB │ gzip:   0.29 kB
[90m│[39m  storybook-static/assets/clsx-CnhKCtRj.js
[90m│[39m  0.46 kB │ gzip:   0.30 kB
[90m│[39m  storybook-static/assets/plus-Clx9r7VI.js
[90m│[39m  0.50 kB │ gzip:   0.32 kB
[90m│[39m  storybook-static/assets/react-k3YPvb47.js
[90m│[39m  0.58 kB │ gzip:   0.34 kB
[90m│[39m  storybook-static/assets/sparkles-AWHDas_4.js
[90m│[39m  0.61 kB │ gzip:   0.36 kB
[90m│[39m  storybook-static/assets/DashboardRegionState.stories-sqUlkzFj.js
[90m│[39m  0.68 kB │ gzip:   0.41 kB
[90m│[39m  storybook-static/assets/shim-DDMOIruq.js
[90m│[39m  0.85 kB │ gzip:   0.46 kB
[90m│[39m  storybook-static/assets/with-selector-CgBCOLsa.js
[90m│[39m  0.94 kB │ gzip:   0.53 kB
[90m│[39m  storybook-static/assets/SystemButton-CpsFOmzA.js
[90m│[39m  0.95 kB │ gzip:   0.50 kB
[90m│[39m  storybook-static/assets/workspacePermissions-Czhmn2DZ.js
[90m│[39m  1.10 kB │ gzip:   0.45 kB
[90m│[39m  storybook-static/assets/TrendModeToggle.stories-C-dcCzIb.js
[90m│[39m  1.20 kB │ gzip:   0.59 kB
[90m│[39m  storybook-static/assets/rolldown-runtime-CsOFd3vK.js
[90m│[39m  1.25 kB │ gzip:   0.69 kB
[90m│[39m  storybook-static/assets/preload-helper-8jINIF9P.js
[90m│[39m  1.31 kB │ gzip:   0.74 kB
[90m│[39m  storybook-static/assets/DashboardRegionState-B6ifC1eC.js
[90m│[39m  1.59 kB │ gzip:   0.90 kB
[90m│[39m  storybook-static/assets/chunk-IMSF75WX-DNrZgEBt.js
[90m│[39m  1.67 kB │ gzip:   0.90 kB
[90m│[39m  storybook-static/assets/createLucideIcon-XBU0pXGh.js
[90m│[39m  1.85 kB │ gzip:   0.94 kB
[90m│[39m  storybook-static/assets/SystemButton.stories-B7nWB8v2.js
[90m│[39m  2.12 kB │ gzip:   0.82 kB
[90m│[39m  storybook-static/assets/TrendModeToggle-B1YO5GRo.js
[90m│[39m  2.44 kB │ gzip:   1.33 kB
[90m│[39m  storybook-static/assets/chunk-DRQKCCAG-B86Ue5fe.js
[90m│[39m  3.39 kB │ gzip:   1.41 kB
[90m│[39m  storybook-static/assets/AccountBrandScopeFields.stories-D90IytpZ.js
[90m│[39m  3.61 kB │ gzip:   1.10 kB
[90m│[39m  storybook-static/assets/chunk-5GYAEUAU-B40WzkBd.js
[90m│[39m  5.14 kB │ gzip:   1.93 kB
[90m│[39m  storybook-static/assets/SystemConfirmationDialog.stories-CeNrXG3h.js
[90m│[39m  6.17 kB │ gzip:   2.25 kB
[90m│[39m  storybook-static/assets/react-Drno7eUL.js
[90m│[39m  7.90 kB │ gzip:   3.03 kB
[90m│[39m  storybook-static/assets/DesignSystemSpecimen.stories-cgRQaAfg.js
[90m│[39m  8.90 kB │ gzip:   3.07 kB
[90m│[39m  storybook-static/assets/CalendarItemEditDialog.stories-UNtzYVMW.js
[90m│[39m  15.92 kB │ gzip:   5.57 kB
[90m│[39m  storybook-static/assets/DashboardLoadingSpecimen.stories-B1MHSk2T.js
[90m│[39m  18.53 kB │ gzip:   6.94 kB
[90m│[39m  storybook-static/assets/chunk-W22LQPXL-D7hj9OLi.js
[90m│[39m  22.70 kB │ gzip:   7.58 kB
[90m│[39m  storybook-static/vite-inject-mocker-entry.js
[90m│[39m  27.84 kB │ gzip:   9.66 kB
[90m│[39m  storybook-static/assets/matchers-JIUQ3HVY-D2RxGVML.js
[90m│[39m  28.79 kB │ gzip:   9.68 kB
[90m│[39m  storybook-static/assets/Color-6AOWCN3U-B2gKsNDh.js
[90m│[39m  30.41 kB │ gzip:  11.49 kB
[90m│[39m  storybook-static/assets/WithTooltip-CDUNV5IS-BllowuIx.js
[90m│[39m  32.77 kB │ gzip:  11.49 kB
[90m│[39m  storybook-static/assets/button-BhBUqxQ7.js
[90m│[39m  40.64 kB │ gzip:  13.61 kB
[90m│[39m  storybook-static/assets/DialogTrigger-DSacWZY0.js
[90m│[39m  54.82 kB │ gzip:  18.50 kB
[90m│[39m  storybook-static/assets/theming-kES80Tw7.js
[90m│[39m  55.40 kB │ gzip:  21.34 kB
[90m│[39m  storybook-static/assets/syntaxhighlighter-QEQV7K2Y-BH79CuFe.js
[90m│[39m  75.92 kB │ gzip:  27.27 kB
[90m│[39m  storybook-static/assets/DocsRenderer-JROSPFPF-7J5FU-Oa.js
[90m│[39m  192.36 kB │ gzip:  61.09 kB
[90m│[39m  storybook-static/assets/react-18-D550F5QF.js
[90m│[39m  204.24 kB │ gzip:  64.17 kB
[90m│[39m  storybook-static/assets/CreativeJobCollaborationDialog.stories-DU4xesjA.js
[90m│[39m  285.19 kB │ gzip:  77.75 kB
[90m│[39m  storybook-static/assets/TreatmentPerformanceTrendChart.stories-DEmHhqOp.js
[90m│[39m  394.55 kB │ gzip: 117.10 kB
[90m│[39m  storybook-static/assets/components-DIOQwa3P.js
[90m│[39m  565.93 kB │ gzip: 180.17 kB
[90m│[39m  storybook-static/assets/axe-CShzAkcV.js
[90m│[39m  587.04 kB │ gzip: 160.26 kB
[90m│[39m  storybook-static/assets/iframe-CEWLB56Y.js
[90m│[39m  1,306.22 kB │ gzip: 366.05 kB

[90m│[39m
[33m▲[39m  [43mVite[49m [33m[plugin builtin:vite-reporter]
[90m│[39m  (!) Some chunks are larger than 500 kB after minification. Consider:
[90m│[39m  - Using dynamic import() to code-split the application
[90m│[39m  - Use build.rolldownOptions.output.codeSplitting to improve chunking:
[90m│[39m  ]8;;https://rolldown.rs/reference/OutputOptions.codeSplittinghttps://rolldown.rs/reference/OutputOptions.codeSplitting]8;;
[90m│[39m  - Adjust chunk size limit for this warning via
[90m│[39m  build.chunkSizeWarningLimit.[39m
[90m│[39m  [43mVite[49m [32m✓ built in 3.33s[39m
[90m│[39m
[32m◇[39m  Output directory:
[90m│[39m  /workspace/scratch/6eeadd0c1662/loading-release-review/storybook-static
[90m│[39m
[90m└[39m  Storybook build completed successfully
